// Jest Snapshot v1, https://goo.gl/fbAQLP

exports[`App matches snapshot 1`] = `
<div>
  <div
    className="app-container"
    style={
      Object {
        "backgroundColor": "FF81AB",
      }
    }
  />
  <header>
    <div />
    <div
      className="container title-container"
    >
      <div
        className="row title-row border"
      >
        <div
          className="six columns description"
        >
          <div
            className="site-subtitle"
          >
            <h3>
              Strange sounds from campus and community radio across Canada.
            </h3>
          </div>
        </div>
        <div
          className="three columns brand-name"
        >
          <h1
            id="brand-name"
          >
            oddrad.io
          </h1>
        </div>
      </div>
    </div>
  </header>
  <section
    className="station-list-container"
  >
    <div
      className="container masthead"
    >
      <div
        className="row border masthead-nav"
      >
        <div
          className="one-third column center"
          onClick={[Function]}
        >
          <h5>
            About
          </h5>
        </div>
        <div
          className="one-third column center"
          onClick={[Function]}
        >
          <h5>
            Contact
          </h5>
        </div>
        <div
          className="one-third column center"
          onClick={[Function]}
        >
          <h5>
            Team
          </h5>
        </div>
      </div>
      <div
        className="row border"
      >
        <div
          className="column"
        />
      </div>
    </div>
  </section>
  <footer>
    <div>
      <audio
        id="player"
        onCanPlay={[Function]}
        onLoadStart={[Function]}
      >
        <source
          src=""
          type=""
        />
      </audio>
      <div>
        <div
          className="audio-player-station-name"
          onClick={[Function]}
        >
           
          
           
        </div>
        <div
          className="container player-container"
        >
          <div
            className="row player-row border"
          >
            <div
              className="four columns"
            >
              <div>
                <i
                  className="fa fa-play fa-2x audio-player-play-button"
                  onClick={[Function]}
                />
              </div>
            </div>
            <div
              className="four columns"
            >
              <div>
                <div>
                  <i
                    className="fa fa-volume-up fa-2x"
                    id="mute"
                    onClick={[Function]}
                  />
                </div>
                <input
                  id="vol-control"
                  max={100}
                  min={0}
                  onChange={[Function]}
                  onInput={[Function]}
                  step={1}
                  type="range"
                  value={100}
                />
              </div>
            </div>
            <div
              className="four columns"
            >
              <i
                className="fa fa-random fa-2x seek-button"
                onClick={[Function]}
              />
            </div>
          </div>
        </div>
        <div
          className="container presets"
        >
          <div
            className="center presets-title"
          >
            Presets: 
          </div>
          <div
            className="row border"
          >
            <div
              className="five columns border-right audio-player-presets "
              onClick={[Function]}
            >
              <p>
                1: 
                Empty
              </p>
            </div>
            <div
              className="five columns border-right audio-player-presets "
              onClick={[Function]}
            >
              <p>
                2: 
                Empty
              </p>
            </div>
            <div
              className="five columns border-right audio-player-presets "
              onClick={[Function]}
            >
              <p>
                3: 
                Empty
              </p>
            </div>
            <div
              className="five columns border-right audio-player-presets "
              onClick={[Function]}
            >
              <p>
                4: 
                Empty
              </p>
            </div>
            <div
              className="five columns audio-player-presets "
              onClick={[Function]}
            >
              <p>
                5: 
                Empty
              </p>
            </div>
          </div>
        </div>
      </div>
    </div>
  </footer>
</div>
`;
