// Jest Snapshot v1, https://goo.gl/fbAQLP

exports[`AudioPlayer matches snapshot 1`] = `
<div>
  <audio
    id="player"
    onCanPlay={[Function]}
    onLoadStart={[Function]}
  >
    <source
      src={undefined}
      type={undefined}
    />
  </audio>
  <div>
    <div
      className="audio-player-station-name"
      onClick={[Function]}
    >
       
      Jest Test Stream
       
    </div>
    <div
      className="container player-container"
    >
      <div
        className="row player-row border"
      >
        <div
          className="four columns"
        >
          <div>
            <i
              className="fa fa-play fa-2x audio-player-play-button"
              onClick={[Function]}
            />
          </div>
        </div>
        <div
          className="four columns"
        >
          <div>
            <div>
              <i
                className="fa fa-volume-up fa-2x"
                id="mute"
                onClick={[Function]}
              />
            </div>
            <input
              id="vol-control"
              max={100}
              min={0}
              onChange={[Function]}
              onInput={[Function]}
              step={1}
              type="range"
              value={100}
            />
          </div>
        </div>
        <div
          className="four columns"
        >
          <i
            className="fa fa-random fa-2x seek-button"
            onClick={[Function]}
          />
        </div>
      </div>
    </div>
    <div
      className="container presets"
    >
      <div
        className="center presets-title"
      >
        Presets: 
      </div>
      <div
        className="row border"
      >
        <div
          className="five columns border-right audio-player-presets "
          onClick={[Function]}
        >
          <p>
            1: 
            Empty
          </p>
        </div>
        <div
          className="five columns border-right audio-player-presets "
          onClick={[Function]}
        >
          <p>
            2: 
            Empty
          </p>
        </div>
        <div
          className="five columns border-right audio-player-presets "
          onClick={[Function]}
        >
          <p>
            3: 
            Empty
          </p>
        </div>
        <div
          className="five columns border-right audio-player-presets "
          onClick={[Function]}
        >
          <p>
            4: 
            Empty
          </p>
        </div>
        <div
          className="five columns audio-player-presets "
          onClick={[Function]}
        >
          <p>
            5: 
            Empty
          </p>
        </div>
      </div>
    </div>
  </div>
</div>
`;
