// Jest Snapshot v1, https://goo.gl/fbAQLP

exports[`MuteButton matches snapshot 1`] = `
<div>
  <i
    className="fa fa-volume-up fa-2x"
    id="mute"
    onClick={[Function]}
  />
</div>
`;
