// Jest Snapshot v1, https://goo.gl/fbAQLP

exports[`PlayerButtons matches snapshot 1`] = `
<div>
  <i
    className="fa fa-pause fa-2x"
    onClick={[Function]}
  />
</div>
`;
